{
  "userId": {
    "B": null,
    "BOOL": false,
    "IsBOOLSet": false,
    "BS": [],
    "L": [],
    "IsLSet": false,
    "M": {},
    "IsMSet": false,
    "N": null,
    "NS": [],
    "NULL": false,
    "S": "65111529-2dbf-4f49-85d4-f0221035f9d5",
    "SS": []
  },
  "timestamp": {
    "B": null,
    "BOOL": false,
    "IsBOOLSet": false,
    "BS": [],
    "L": [],
    "IsLSet": false,
    "M": {},
    "IsMSet": false,
    "N": null,
    "NS": [],
    "NULL": false,
    "S": "2022-10-18T16:42Z",
    "SS": []
  },
  "roleIds": {
    "B": null,
    "BOOL": false,
    "IsBOOLSet": false,
    "BS": [],
    "L": [
      {
        "B": null,
        "BOOL": false,
        "IsBOOLSet": false,
        "BS": [],
        "L": [],
        "IsLSet": false,
        "M": {},
        "IsMSet": false,
        "N": null,
        "NS": [],
        "NULL": false,
        "S": "cbaf96a2-8c1d-46b1-952c-59596145b158",
        "SS": []
      },
      {
        "B": null,
        "BOOL": false,
        "IsBOOLSet": false,
        "BS": [],
        "L": [],
        "IsLSet": false,
        "M": {},
        "IsMSet": false,
        "N": null,
        "NS": [],
        "NULL": false,
        "S": "585381ad-785e-4bc9-9c85-da8a0b754dc6",
        "SS": []
      }
    ],
    "IsLSet": true,
    "M": {},
    "IsMSet": false,
    "N": null,
    "NS": [],
    "NULL": false,
    "S": null,
    "SS": []
  }
}
